# File used to find list of resources in a loaded jar.
base
base/environments
base/environments/roguelike
base/environments/roguelike/editorbackup
base/environments/roguelike/editorbackup/mishra.background
base/environments/roguelike/editorbackup/raktimin.background
base/environments/roguelike/scripts
base/environments/roguelike/scripts/npc_def.txt
base/environments/roguelike/universe
base/environments/roguelike/universe/default
base/environments/roguelike/universe/default/randland
base/environments/roguelike/universe/default/randland/world.cfg
base/environments/roguelike/universe/default/randland/blightrefuge.town
base/environments/roguelike/universe/default/randland/blightrefuge.town/town.cfg
base/environments/roguelike/universe/default/randland/blightrefuge.town/blightrefuge
base/environments/roguelike/universe/default/randland/blightrefuge.town/blightrefuge/blight-refuge-entrance-map.cfg
base/environments/roguelike/universe/default/randland/blightrefuge.town/blightrefuge/blight-refuge-hall-map.cfg
base/environments/roguelike/universe/default/randland/blightrefuge.town/blightrefuge/blight-refuge-outside-map.cfg
base/environments/roguelike/universe/default/randland/blightrefuge.town/blightrefuge/building.cfg
base/environments/roguelike/universe/default/randland/braemwood.town
base/environments/roguelike/universe/default/randland/braemwood.town/town.cfg
base/environments/roguelike/universe/default/randland/braemwood.town/braem-road
base/environments/roguelike/universe/default/randland/braemwood.town/braem-road/braem-road-map.cfg
base/environments/roguelike/universe/default/randland/braemwood.town/braem-road/building.cfg
base/environments/roguelike/universe/default/randland/mishra.tilemap
base/environments/roguelike/universe/default/randland/mishra.tilemap/tilemap.bin
base/environments/roguelike/universe/default/randland/raktimin.tilemap
base/environments/roguelike/universe/default/randland/raktimin.tilemap/tilemap.bin
base/environments/roguelike/universe/default/randland/shayolghul.town
base/environments/roguelike/universe/default/randland/shayolghul.town/town.cfg
base/environments/roguelike/universe/default/randland/shayolghul.town/shayolghul
base/environments/roguelike/universe/default/randland/shayolghul.town/shayolghul/building.cfg
base/environments/roguelike/universe/default/randland/shayolghul.town/shayolghul/shayol-entrance-map.cfg
base/environments/roguelike/universe/default/randland/shayolghul.town/shayolghul/shayol-prison-map.cfg
base/environments/roguelike/universe/default/randland/tarvalon.town
base/environments/roguelike/universe/default/randland/tarvalon.town/town.cfg
base/environments/roguelike/universe/default/randland/tarvalon.town/NorthClearing
base/environments/roguelike/universe/default/randland/tarvalon.town/NorthClearing/building.cfg
base/environments/roguelike/universe/default/randland/tarvalon.town/NorthClearing/nw-clearing-map.cfg
base/environments/roguelike/universe/default/randland/tarvalon.town/NorthWestGate
base/environments/roguelike/universe/default/randland/tarvalon.town/NorthWestGate/building.cfg
base/environments/roguelike/universe/default/randland/tarvalon.town/NorthWestGate/nw-gate-lv0-map.cfg
base/environments/roguelike/universe/default/randland/tarvalon.town/NorthWestGate/nw-gate-lv1-map.cfg
base/environments/roguelike/universe/default/randland/tarvalon.town/WestGate
base/environments/roguelike/universe/default/randland/tarvalon.town/WestGate/building.cfg
base/environments/roguelike/universe/default/randland/tarvalon.town/WestGate/westgate-map.cfg
base/environments/roguelike/universe/default/randland/tarvalon.town/WhiteTowerGate
base/environments/roguelike/universe/default/randland/tarvalon.town/WhiteTowerGate/building.cfg
base/environments/roguelike/universe/default/randland/tarvalon.town/WhiteTowerGate/whitetower-front-map.cfg
base/environments/roguelike/universe/default/randland/tarvalon.town/WhiteTowerGate/whitetower-south-gate-map.cfg
base/environments/roguelike/universe/default/randland/tarvalon.town/WhiteTower
base/environments/roguelike/universe/default/randland/tarvalon.town/WhiteTower/building.cfg
base/environments/roguelike/universe/default/randland/tarvalon.town/WhiteTower/ways-wt-map.cfg
base/environments/roguelike/universe/default/randland/tarvalon.town/WhiteTower/white-tower-hall-map.cfg
base/environments/roguelike/universe/default/randland/tarvalon.town/WhiteTower/wt-basement-0-map.cfg
base/environments/roguelike/universe/default/randland/tarvalon.town/WhiteTower/wt-basement-1-map.cfg
base/environments/roguelike/universe/default/randland/tarvalon.town/WhiteTower/wt-library-map.cfg
base/environments/roguelike/universe/default/randland/tworivers.town
base/environments/roguelike/universe/default/randland/tworivers.town/town.cfg
base/environments/roguelike/universe/default/randland/tworivers.town/two-rivers-road
base/environments/roguelike/universe/default/randland/tworivers.town/two-rivers-road/building.cfg
base/environments/roguelike/universe/default/randland/tworivers.town/two-rivers-road/trivers-road-map.cfg
base/environments/roguelike/wizard
base/environments/roguelike/wizard/amyrlin-key.wiz
base/environments/roguelike/wizard/classes.wiz
base/environments/roguelike/wizard/dark-one-key.wiz
base/environments/roguelike/wizard/end.wiz
base/environments/roguelike/wizard/index.wiz
base/environments/roguelike/wizard/keeper-key.wiz
base/environments/roguelike/wizard/mhael-key.wiz
base/environments/roguelike/wizard/player-email.wiz
base/environments/roguelike/wizard/player-login.wiz
base/environments/roguelike/wizard/player-name.wiz
base/environments/roguelike/wizard/player-past.wiz
base/environments/roguelike/wizard/rlikeraces.wiz
base/environments/roguelike/wizard/roll.wiz
base/environments/roguelike/wizard/special-chars.wiz
base/environments/roguelike/wizard/template
base/environments/roguelike/wizard/template/step-1textfield.wiz
base/environments/roguelike/wizard/template/step-2textfield.wiz
base/environments/roguelike/wizard/template/step-combobox.wiz
base/environments/roguelike/wizard/template/step-info.wiz
base/environments/roguelike/wizard/template/step-list.wiz
base/environments/roguelike/wizard/template/step-password.wiz
base/environments/roguelike/wizard/template/step-radio.wiz
base/environments/roguelike/wizard/template/step-textarea.wiz
base/environments/wot
base/environments/wot/wizard
base/environments/wot/wizard/aes-sedai-hair.wiz
base/environments/wot/wizard/aes-sedai-rank.wiz
base/environments/wot/wizard/aiel-hair.wiz
base/environments/wot/wizard/aiel-rank.wiz
base/environments/wot/wizard/amyrlin-key.wiz
base/environments/wot/wizard/ashaman-hair.wiz
base/environments/wot/wizard/ashaman-rank.wiz
base/environments/wot/wizard/children-hair.wiz
base/environments/wot/wizard/children-rank.wiz
base/environments/wot/wizard/darkfriends.wiz
base/environments/wot/wizard/dark-one-key.wiz
base/environments/wot/wizard/end.wiz
base/environments/wot/wizard/index.wiz
base/environments/wot/wizard/keeper-key.wiz
base/environments/wot/wizard/mhael-key.wiz
base/environments/wot/wizard/player-email.wiz
base/environments/wot/wizard/player-login.wiz
base/environments/wot/wizard/player-name.wiz
base/environments/wot/wizard/player-past.wiz
base/environments/wot/wizard/special-chars.wiz
base/environments/wot/wizard/warder-cloak.wiz
base/environments/wot/wizard/warder-hair.wiz
base/environments/wot/wizard/warder-rank.wiz
base/environments/wot/wizard/wolf-hair.wiz
base/environments/wot/wizard/wolf-rank.wiz
base/environments/wot/wizard/wotclass.wiz
base/environments/wot/wizard/template
base/environments/wot/wizard/template/step-1textfield.wiz
base/environments/wot/wizard/template/step-2textfield.wiz
base/environments/wot/wizard/template/step-combobox.wiz
base/environments/wot/wizard/template/step-info.wiz
base/environments/wot/wizard/template/step-list.wiz
base/environments/wot/wizard/template/step-password.wiz
base/environments/wot/wizard/template/step-radio.wiz
base/environments/wot/wizard/template/step-textarea.wiz
