# File used to find list of resources in a loaded jar.
base/wizard
base/wizard/aes-sedai-hair.wiz
base/wizard/aes-sedai-rank.wiz
base/wizard/aiel-hair.wiz
base/wizard/aiel-rank.wiz
base/wizard/amyrlin-key.wiz
base/wizard/ashaman-hair.wiz
base/wizard/ashaman-rank.wiz
base/wizard/children-hair.wiz
base/wizard/children-rank.wiz
base/wizard/darkfriends.wiz
base/wizard/dark-one-key.wiz
base/wizard/end.wiz
base/wizard/index.wiz
base/wizard/keeper-key.wiz
base/wizard/mhael-key.wiz
base/wizard/player-email.wiz
base/wizard/player-login.wiz
base/wizard/player-name.wiz
base/wizard/player-past.wiz
base/wizard/special-chars.wiz
base/wizard/warder-cloak.wiz
base/wizard/warder-hair.wiz
base/wizard/warder-rank.wiz
base/wizard/wolf-hair.wiz
base/wizard/wolf-rank.wiz
base/wizard/wotclass.wiz
base/wizard/template
base/wizard/template/step-1textfield.wiz
base/wizard/template/step-2textfield.wiz
base/wizard/template/step-combobox.wiz
base/wizard/template/step-info.wiz
base/wizard/template/step-list.wiz
base/wizard/template/step-password.wiz
base/wizard/template/step-radio.wiz
base/wizard/template/step-textarea.wiz
