# File used to find list of resources in a loaded jar.
base/universe/default/randland
base/universe/default/randland/world.cfg
base/universe/default/randland/blightrefuge
base/universe/default/randland/blightrefuge/town.cfg
base/universe/default/randland/blightrefuge/blightrefuge
base/universe/default/randland/blightrefuge/blightrefuge/blight-refuge-entrance-map.cfg
base/universe/default/randland/blightrefuge/blightrefuge/blight-refuge-hall-map.cfg
base/universe/default/randland/blightrefuge/blightrefuge/blight-refuge-outside-map.cfg
base/universe/default/randland/blightrefuge/blightrefuge/building.cfg
base/universe/default/randland/braemwood
base/universe/default/randland/braemwood/town.cfg
base/universe/default/randland/braemwood/braem-road
base/universe/default/randland/braemwood/braem-road/braem-road-map.cfg
base/universe/default/randland/braemwood/braem-road/building.cfg
base/universe/default/randland/shayolghul
base/universe/default/randland/shayolghul/town.cfg
base/universe/default/randland/shayolghul/shayolghul
base/universe/default/randland/shayolghul/shayolghul/building.cfg
base/universe/default/randland/shayolghul/shayolghul/shayol-entrance-map.cfg
base/universe/default/randland/shayolghul/shayolghul/shayol-prison-map.cfg
base/universe/default/randland/tarvalon
base/universe/default/randland/tarvalon/town.cfg
base/universe/default/randland/tarvalon/NorthClearing
base/universe/default/randland/tarvalon/NorthClearing/building.cfg
base/universe/default/randland/tarvalon/NorthClearing/nw-clearing-map.cfg
base/universe/default/randland/tarvalon/NorthWestGate
base/universe/default/randland/tarvalon/NorthWestGate/building.cfg
base/universe/default/randland/tarvalon/NorthWestGate/nw-gate-lv0-map.cfg
base/universe/default/randland/tarvalon/NorthWestGate/nw-gate-lv1-map.cfg
base/universe/default/randland/tarvalon/WestGate
base/universe/default/randland/tarvalon/WestGate/building.cfg
base/universe/default/randland/tarvalon/WestGate/westgate-map.cfg
base/universe/default/randland/tarvalon/WhiteTowerGate
base/universe/default/randland/tarvalon/WhiteTowerGate/building.cfg
base/universe/default/randland/tarvalon/WhiteTowerGate/whitetower-front-map.cfg
base/universe/default/randland/tarvalon/WhiteTowerGate/whitetower-south-gate-map.cfg
base/universe/default/randland/tarvalon/WhiteTower
base/universe/default/randland/tarvalon/WhiteTower/building.cfg
base/universe/default/randland/tarvalon/WhiteTower/ways-wt-map.cfg
base/universe/default/randland/tarvalon/WhiteTower/white-tower-hall-map.cfg
base/universe/default/randland/tarvalon/WhiteTower/wt-basement-0-map.cfg
base/universe/default/randland/tarvalon/WhiteTower/wt-basement-1-map.cfg
base/universe/default/randland/tarvalon/WhiteTower/wt-library-map.cfg
base/universe/default/randland/tworivers
base/universe/default/randland/tworivers/town.cfg
base/universe/default/randland/tworivers/two-rivers-road
base/universe/default/randland/tworivers/two-rivers-road/building.cfg
base/universe/default/randland/tworivers/two-rivers-road/trivers-road-map.cfg
